2025-09-17 03:10:43,556 - __main__ - INFO - Initializing VILA model...
2025-09-17 03:10:43,557 - __main__ - ERROR - Failed to initialize model: name 'sys' is not defined
2025-09-17 03:11:17,527 - __main__ - INFO - Initializing VILA model...
2025-09-17 03:11:22,354 - root - INFO - x86_64-linux-gnu-gcc -fno-strict-overflow -Wsign-compare -DNDEBUG -g -O2 -Wall -fPIC -c /tmp/tmp2mouwh_9/test.c -o /tmp/tmp2mouwh_9/test.o
2025-09-17 03:11:22,368 - root - INFO - x86_64-linux-gnu-gcc /tmp/tmp2mouwh_9/test.o -laio -o /tmp/tmp2mouwh_9/a.out
2025-09-17 03:11:22,647 - root - INFO - x86_64-linux-gnu-gcc -fno-strict-overflow -Wsign-compare -DNDEBUG -g -O2 -Wall -fPIC -c /tmp/tmpooj9_vw6/test.c -o /tmp/tmpooj9_vw6/test.o
2025-09-17 03:11:22,661 - root - INFO - x86_64-linux-gnu-gcc /tmp/tmpooj9_vw6/test.o -L/usr/local/cuda -L/usr/local/cuda/lib64 -lcufile -o /tmp/tmpooj9_vw6/a.out
2025-09-17 03:11:22,697 - root - INFO - x86_64-linux-gnu-gcc -fno-strict-overflow -Wsign-compare -DNDEBUG -g -O2 -Wall -fPIC -c /tmp/tmp82g1wa3s/test.c -o /tmp/tmp82g1wa3s/test.o
2025-09-17 03:11:22,728 - root - INFO - x86_64-linux-gnu-gcc /tmp/tmp82g1wa3s/test.o -laio -o /tmp/tmp82g1wa3s/a.out
2025-09-17 03:11:22,926 - datasets - INFO - PyTorch version 2.6.0a0+ecf3bae40a.nv25.1 available.
2025-09-17 03:12:05,901 - __main__ - INFO - VILA model loaded successfully: vila-1.5
2025-09-17 03:13:49,303 - __main__ - INFO - Request 63ba4e57-a6b9-4716-b531-59b5eaef95ee: Starting chat completion
2025-09-17 03:13:49,304 - __main__ - ERROR - Request 63ba4e57-a6b9-4716-b531-59b5eaef95ee: Generation failed - object of type 'NoneType' has no len()
2025-09-17 03:13:49,305 - __main__ - ERROR - Request 63ba4e57-a6b9-4716-b531-59b5eaef95ee: Error - object of type 'NoneType' has no len()
2025-09-17 03:13:49,305 - __main__ - INFO - POST /v1/chat/completions - Status: 500 - Duration: 0.007s
2025-09-17 03:13:49,719 - __main__ - INFO - Request 3ab37ab8-9ad1-4013-8fd2-d49805e58830: Starting chat completion
2025-09-17 03:13:49,719 - __main__ - ERROR - Request 3ab37ab8-9ad1-4013-8fd2-d49805e58830: Generation failed - object of type 'NoneType' has no len()
2025-09-17 03:13:49,719 - __main__ - ERROR - Request 3ab37ab8-9ad1-4013-8fd2-d49805e58830: Error - object of type 'NoneType' has no len()
2025-09-17 03:13:49,719 - __main__ - INFO - POST /v1/chat/completions - Status: 500 - Duration: 0.001s
2025-09-17 03:13:50,648 - __main__ - INFO - Request 3444318b-b6a3-4121-88a5-dfba2dbb72f9: Starting chat completion
2025-09-17 03:13:50,649 - __main__ - ERROR - Request 3444318b-b6a3-4121-88a5-dfba2dbb72f9: Generation failed - object of type 'NoneType' has no len()
2025-09-17 03:13:50,649 - __main__ - ERROR - Request 3444318b-b6a3-4121-88a5-dfba2dbb72f9: Error - object of type 'NoneType' has no len()
2025-09-17 03:13:50,649 - __main__ - INFO - POST /v1/chat/completions - Status: 500 - Duration: 0.002s
2025-09-17 03:13:52,530 - __main__ - INFO - Request 7f891aa9-3c58-4a1b-b92a-88752508c197: Starting chat completion
2025-09-17 03:13:52,531 - __main__ - ERROR - Request 7f891aa9-3c58-4a1b-b92a-88752508c197: Generation failed - object of type 'NoneType' has no len()
2025-09-17 03:13:52,531 - __main__ - ERROR - Request 7f891aa9-3c58-4a1b-b92a-88752508c197: Error - object of type 'NoneType' has no len()
2025-09-17 03:13:52,531 - __main__ - INFO - POST /v1/chat/completions - Status: 500 - Duration: 0.001s
